---
source: tests/parser_test.rs
expression: result.code
---
<><script setup lang="tsx" generic="T extends string" foo_attr={foo} foo:name_attr={foo} v-model={model} v-model:model_number={model} v-model_number={model.value} v-on:click={a + 1} v-slot:default={{ foo: foo = "" }} v-slot:name={{ foo }} v-for={{ foo: foo = "" } in list} unimplemented={bar}>{() => {
	let foo = "";
}}</script>


<template>
  <div>
    foo
  </div>
</template>

</>;
